2021-03-11 22:34:55,664:INFO:flipkrat.py:Url hitted
2021-03-11 22:34:55,871:INFO:flipkrat.py:login popup handled
2021-03-11 22:34:56,219:INFO:flipkrat.py:Search begins
2021-03-11 22:34:59,039:INFO:flipkrat.py:Data saved in scrapper file
2021-03-11 22:35:58,120:INFO:flipkrat.py:Url hitted
2021-03-11 22:35:58,315:INFO:flipkrat.py:login popup handled
2021-03-11 22:35:58,591:INFO:flipkrat.py:Search begins
2021-03-11 22:36:01,400:INFO:flipkrat.py:Data saved in scrapper file
2021-03-11 22:36:23,309:INFO:flipkrat.py:Url hitted
2021-03-11 22:36:23,496:INFO:flipkrat.py:login popup handled
2021-03-11 22:36:23,770:INFO:flipkrat.py:Search begins
2021-03-11 22:36:33,418:INFO:flipkrat.py:Url hitted
2021-03-11 22:36:33,647:INFO:flipkrat.py:login popup handled
2021-03-11 22:36:34,002:INFO:flipkrat.py:Search begins
2021-03-11 22:36:36,914:INFO:flipkrat.py:Data saved in scrapper file
2021-03-11 22:37:59,845:INFO:flipkrat.py:Thread run completed
2021-03-12 18:10:07,996:INFO:flipkrat.py:Url hitted
2021-03-12 18:10:08,216:INFO:flipkrat.py:login popup handled
2021-03-12 18:10:08,649:INFO:flipkrat.py:Search begins for Nike
2021-03-12 18:10:15,835:INFO:flipkrat.py:Data saved in scrapper file
2021-03-12 18:21:17,976:INFO:flipkrat.py:Url hitted
2021-03-12 18:21:18,307:INFO:flipkrat.py:login popup handled
2021-03-12 18:21:18,661:INFO:flipkrat.py:Search begins for shorts
2021-03-12 18:21:45,120:INFO:flipkrat.py:Thread run completed
2021-03-12 18:51:46,598:INFO:flipkrat.py:Url hitted
2021-03-12 18:51:46,854:INFO:flipkrat.py:login popup handled
2021-03-12 18:51:47,148:INFO:flipkrat.py:Search begins for Nike
2021-03-12 18:51:52,934:INFO:flipkrat.py:Data saved in scrapper file
2021-03-12 18:59:13,412:INFO:flipkrat.py:Url hitted
2021-03-12 18:59:13,585:INFO:flipkrat.py:login popup handled
2021-03-12 18:59:13,871:INFO:flipkrat.py:Search begins for Nike
2021-03-12 18:59:20,027:INFO:flipkrat.py:Data saved in scrapper file
2021-03-12 19:05:39,138:INFO:flipkrat.py:Url hitted
2021-03-12 19:05:39,293:INFO:flipkrat.py:login popup handled
2021-03-12 19:05:39,627:INFO:flipkrat.py:Search begins for Saree
2021-03-12 19:05:45,435:INFO:flipkrat.py:Data saved in scrapper file
2021-03-12 19:48:30,551:INFO:flipkrat.py:Url hitted
2021-03-12 19:48:32,022:INFO:flipkrat.py:login popup handled
2021-03-12 19:48:33,971:INFO:flipkrat.py:Search begins for Nike
2021-03-12 19:48:39,271:INFO:flipkrat.py:Data saved in scrapper file
2021-03-12 19:52:16,469:INFO:flipkrat.py:Url hitted
2021-03-12 19:52:16,797:INFO:flipkrat.py:login popup handled
2021-03-12 19:52:17,244:INFO:flipkrat.py:Search begins for Nike
2021-03-12 19:52:19,627:INFO:flipkrat.py:Data saved in scrapper file
2021-03-12 22:38:31,082:INFO:flipkrat.py:Url hitted
2021-03-12 22:38:31,387:INFO:flipkrat.py:login popup handled
2021-03-12 22:38:31,835:INFO:flipkrat.py:Search begins for Nike
2021-03-12 22:38:38,080:INFO:flipkrat.py:Data saved in scrapper file
2021-08-05 12:05:27,710:INFO:flipkrat.py:Url hitted
2021-08-05 12:05:27,936:INFO:flipkrat.py:login popup handled
2021-08-05 12:05:28,294:INFO:flipkrat.py:Search begins for iphone-X
2021-08-05 12:06:17,517:INFO:flipkrat.py:Url hitted
2021-08-05 12:06:17,811:INFO:flipkrat.py:login popup handled
2021-08-05 12:06:18,172:INFO:flipkrat.py:Search begins for iphone-X
2021-08-08 19:44:33,203:INFO:flipkrat.py:Url hitted
2021-08-08 19:44:33,454:INFO:flipkrat.py:login popup handled
2021-08-08 19:44:33,806:INFO:flipkrat.py:Search begins for samsung
2021-08-08 20:28:32,180:INFO:flipkrat.py:Url hitted
2021-08-08 20:28:32,366:INFO:flipkrat.py:login popup handled
2021-08-08 20:28:32,649:INFO:flipkrat.py:Search begins for samsung
2021-08-08 20:35:36,809:INFO:flipkrat.py:Url hitted
2021-08-08 20:35:37,015:INFO:flipkrat.py:login popup handled
2021-08-08 20:35:37,290:INFO:flipkrat.py:Search begins for samsung
2021-08-08 20:38:28,779:INFO:flipkrat.py:Url hitted
2021-08-08 20:38:28,968:INFO:flipkrat.py:login popup handled
2021-08-08 20:38:29,342:INFO:flipkrat.py:Search begins for samsung
2021-08-08 20:38:30,618:INFO:flipkrat.py:Thread run completed
2021-08-09 12:10:52,699:INFO:flipkrat.py:Url hitted
2021-08-09 12:10:52,872:INFO:flipkrat.py:login popup handled
2021-08-09 12:10:53,215:INFO:flipkrat.py:Search begins for samsung
2021-08-09 12:14:47,284:INFO:flipkrat.py:Url hitted
2021-08-09 12:14:47,503:INFO:flipkrat.py:login popup handled
2021-08-09 12:14:47,755:INFO:flipkrat.py:Search begins for samsung
2021-08-09 12:15:30,659:INFO:flipkrat.py:data saved in scrapper file
2021-08-09 12:16:20,767:INFO:flipkrat.py:Thread run completed
2021-08-09 12:31:40,091:INFO:flipkrat.py:Url hitted
2021-08-09 12:31:40,375:INFO:flipkrat.py:login popup handled
2021-08-09 12:31:40,730:INFO:flipkrat.py:Search begins for samsung
2021-08-09 12:31:41,951:INFO:flipkrat.py:Data saved in scrapper file
2021-08-09 12:33:18,327:INFO:flipkrat.py:Url hitted
2021-08-09 12:33:18,521:INFO:flipkrat.py:login popup handled
2021-08-09 12:33:18,806:INFO:flipkrat.py:Search begins for TV
2021-08-09 12:33:20,048:INFO:flipkrat.py:Thread run completed
2021-08-09 12:34:38,603:INFO:flipkrat.py:Url hitted
2021-08-09 12:34:38,865:INFO:flipkrat.py:login popup handled
2021-08-09 12:34:39,151:INFO:flipkrat.py:Search begins for TV
2021-08-09 12:34:39,979:INFO:flipkrat.py:Thread run completed
2021-08-09 12:37:07,298:INFO:flipkrat.py:Url hitted
2021-08-09 12:37:07,548:INFO:flipkrat.py:login popup handled
2021-08-09 12:37:07,913:INFO:flipkrat.py:Search begins for TV
2021-08-09 12:37:08,710:INFO:flipkrat.py:Thread run completed
2021-08-09 12:37:56,512:INFO:flipkrat.py:Url hitted
2021-08-09 12:37:56,712:INFO:flipkrat.py:login popup handled
2021-08-09 12:37:57,050:INFO:flipkrat.py:Search begins for samsung
2021-08-09 12:38:05,108:INFO:flipkrat.py:data saved in scrapper file
2021-08-09 12:38:25,978:INFO:flipkrat.py:Thread run completed
2021-08-09 12:41:20,108:INFO:flipkrat.py:Url hitted
2021-08-09 12:41:20,333:INFO:flipkrat.py:login popup handled
2021-08-09 12:41:20,724:INFO:flipkrat.py:Search begins for TV
2021-08-09 12:41:21,523:INFO:flipkrat.py:Thread run completed
2021-08-09 12:43:29,252:INFO:flipkrat.py:Url hitted
2021-08-09 12:43:29,451:INFO:flipkrat.py:login popup handled
2021-08-09 12:43:29,741:INFO:flipkrat.py:Search begins for iphone-7
2021-08-09 12:43:31,325:INFO:flipkrat.py:Thread run completed
2021-08-09 12:46:58,051:INFO:flipkrat.py:Url hitted
2021-08-09 12:46:58,233:INFO:flipkrat.py:login popup handled
2021-08-09 12:46:58,546:INFO:flipkrat.py:Search begins for iphone-7
2021-08-09 12:46:59,884:INFO:flipkrat.py:Thread run completed
2021-08-09 12:52:17,427:INFO:flipkrat.py:Url hitted
2021-08-09 12:52:17,667:INFO:flipkrat.py:login popup handled
2021-08-09 12:52:18,006:INFO:flipkrat.py:Search begins for TV
2021-08-09 12:52:19,194:INFO:flipkrat.py:Thread run completed
2021-08-09 12:57:14,404:INFO:flipkrat.py:Url hitted
2021-08-09 12:57:14,599:INFO:flipkrat.py:login popup handled
2021-08-09 12:57:14,920:INFO:flipkrat.py:Search begins for samsung
2021-08-09 12:57:15,881:INFO:flipkrat.py:Data saved in scrapper file
2021-08-09 12:57:53,187:INFO:flipkrat.py:Url hitted
2021-08-09 12:57:53,382:INFO:flipkrat.py:login popup handled
2021-08-09 12:57:53,691:INFO:flipkrat.py:Search begins for TV
2021-08-09 13:00:42,104:INFO:flipkrat.py:Url hitted
2021-08-09 13:00:42,302:INFO:flipkrat.py:login popup handled
2021-08-09 13:00:42,546:INFO:flipkrat.py:Search begins for TV
2021-08-09 13:01:03,222:INFO:flipkrat.py:Thread run completed
